[    0.000000] Initializing cgroup subsys cpuset
[    0.000000] Initializing cgroup subsys cpu
[    0.000000] Initializing cgroup subsys cpuacct
[    0.000000] Linux version 4.4.0-210-generic (buildd@lgw01-amd64-009) (gcc version 5.4.0 20160609 (Ubuntu 5.4.0-6ubuntu1~16.04.12) ) #242-Ubuntu SMP Fri Apr 16 09:57:56 UTC 2021 (Ubuntu 4.4.0-210.242-generic 4.4.262)
[    0.000000] Command line: BOOT_IMAGE=/boot/vmlinuz-4.4.0-210-generic root=LABEL=cloudimg-rootfs ro console=tty1 console=ttyS0
[    0.000000] KERNEL supported cpus:
[    0.000000]   Intel GenuineIntel
[    0.000000]   AMD AuthenticAMD
[    0.000000]   Centaur CentaurHauls
[    0.000000] x86/fpu: xstate_offset[2]:  576, xstate_sizes[2]:  256
[    0.000000] x86/fpu: Supporting XSAVE feature 0x01: 'x87 floating point registers'
[    0.000000] x86/fpu: Supporting XSAVE feature 0x02: 'SSE registers'
[    0.000000] x86/fpu: Supporting XSAVE feature 0x04: 'AVX registers'
[    0.000000] x86/fpu: Enabled xstate features 0x7, context size is 832 bytes, using 'standard' format.
[    0.000000] e820: BIOS-provided physical RAM map:
[    0.000000] BIOS-e820: [mem 0x0000000000000000-0x000000000009fbff] usable
[    0.000000] BIOS-e820: [mem 0x000000000009fc00-0x000000000009ffff] reserved
[    0.000000] BIOS-e820: [mem 0x00000000000f0000-0x00000000000fffff] reserved
[    0.000000] BIOS-e820: [mem 0x0000000000100000-0x000000003ffeffff] usable
[    0.000000] BIOS-e820: [mem 0x000000003fff0000-0x000000003fffffff] ACPI data
[    0.000000] BIOS-e820: [mem 0x00000000fec00000-0x00000000fec00fff] reserved
[    0.000000] BIOS-e820: [mem 0x00000000fee00000-0x00000000fee00fff] reserved
[    0.000000] BIOS-e820: [mem 0x00000000fffc0000-0x00000000ffffffff] reserved
[    0.000000] NX (Execute Disable) protection: active
[    0.000000] SMBIOS 2.5 present.
[    0.000000] Hypervisor detected: KVM
[    0.000000] e820: last_pfn = 0x3fff0 max_arch_pfn = 0x400000000
[    0.000000] MTRR: Disabled
[    0.000000] x86/PAT: MTRRs disabled, skipping PAT initialization too.
[    0.000000] CPU MTRRs all blank - virtualized system.
[    0.000000] x86/PAT: Configuration [0-7]: WB  WT  UC- UC  WB  WT  UC- UC  
[    0.000000] found SMP MP-table at [mem 0x0009fff0-0x0009ffff] mapped at [ffff88000009fff0]
[    0.000000] Scanning 1 areas for low memory corruption
[    0.000000] RAMDISK: [mem 0x362dc000-0x37165fff]
[    0.000000] ACPI: Early table checksum verification disabled
[    0.000000] ACPI: RSDP 0x00000000000E0000 000024 (v02 VBOX  )
[    0.000000] ACPI: XSDT 0x000000003FFF0030 00003C (v01 VBOX   VBOXXSDT 00000001 ASL  00000061)
[    0.000000] ACPI: FACP 0x000000003FFF00F0 0000F4 (v04 VBOX   VBOXFACP 00000001 ASL  00000061)
[    0.000000] ACPI: DSDT 0x000000003FFF0470 002325 (v02 VBOX   VBOXBIOS 00000002 INTL 20120111)
[    0.000000] ACPI: FACS 0x000000003FFF0200 000040
[    0.000000] ACPI: FACS 0x000000003FFF0200 000040
[    0.000000] ACPI: APIC 0x000000003FFF0240 000054 (v02 VBOX   VBOXAPIC 00000001 ASL  00000061)
[    0.000000] ACPI: SSDT 0x000000003FFF02A0 0001CC (v01 VBOX   VBOXCPUT 00000002 INTL 20120111)
[    0.000000] No NUMA configuration found
[    0.000000] Faking a node at [mem 0x0000000000000000-0x000000003ffeffff]
[    0.000000] NODE_DATA(0) allocated [mem 0x3ffeb000-0x3ffeffff]
[    0.000000] kvm-clock: Using msrs 4b564d01 and 4b564d00
[    0.000000] kvm-clock: cpu 0, msr 0:3ffe3001, primary cpu clock
[    0.000000] kvm-clock: using sched offset of 11198167976 cycles
[    0.000000] clocksource: kvm-clock: mask: 0xffffffffffffffff max_cycles: 0x1cd42e4dffb, max_idle_ns: 881590591483 ns
[    0.000000] Zone ranges:
[    0.000000]   DMA      [mem 0x0000000000001000-0x0000000000ffffff]
[    0.000000]   DMA32    [mem 0x0000000001000000-0x000000003ffeffff]
[    0.000000]   Normal   empty
[    0.000000]   Device   empty
[    0.000000] Movable zone start for each node
[    0.000000] Early memory node ranges
[    0.000000]   node   0: [mem 0x0000000000001000-0x000000000009efff]
[    0.000000]   node   0: [mem 0x0000000000100000-0x000000003ffeffff]
[    0.000000] Initmem setup node 0 [mem 0x0000000000001000-0x000000003ffeffff]
[    0.000000] ACPI: PM-Timer IO Port: 0x4008
[    0.000000] IOAPIC[0]: apic_id 1, version 32, address 0xfec00000, GSI 0-23
[    0.000000] ACPI: INT_SRC_OVR (bus 0 bus_irq 0 global_irq 2 dfl dfl)
[    0.000000] ACPI: INT_SRC_OVR (bus 0 bus_irq 9 global_irq 9 low level)
[    0.000000] Using ACPI (MADT) for SMP configuration information
[    0.000000] smpboot: Allowing 1 CPUs, 0 hotplug CPUs
[    0.000000] PM: Registered nosave memory: [mem 0x00000000-0x00000fff]
[    0.000000] PM: Registered nosave memory: [mem 0x0009f000-0x0009ffff]
[    0.000000] PM: Registered nosave memory: [mem 0x000a0000-0x000effff]
[    0.000000] PM: Registered nosave memory: [mem 0x000f0000-0x000fffff]
[    0.000000] e820: [mem 0x40000000-0xfebfffff] available for PCI devices
[    0.000000] Booting paravirtualized kernel on KVM
[    0.000000] clocksource: refined-jiffies: mask: 0xffffffff max_cycles: 0xffffffff, max_idle_ns: 7645519600211568 ns
[    0.000000] setup_percpu: NR_CPUS:512 nr_cpumask_bits:512 nr_cpu_ids:1 nr_node_ids:1
[    0.000000] PERCPU: Embedded 33 pages/cpu @ffff88003fc00000 s95192 r8192 d31784 u2097152
[    0.000000] Built 1 zonelists in Node order, mobility grouping on.  Total pages: 257912
[    0.000000] Policy zone: DMA32
[    0.000000] Kernel command line: BOOT_IMAGE=/boot/vmlinuz-4.4.0-210-generic root=LABEL=cloudimg-rootfs ro console=tty1 console=ttyS0
[    0.000000] PID hash table entries: 4096 (order: 3, 32768 bytes)
[    0.000000] Memory: 997924K/1048120K available (8644K kernel code, 1332K rwdata, 4044K rodata, 1492K init, 1164K bss, 50196K reserved, 0K cma-reserved)
[    0.000000] SLUB: HWalign=64, Order=0-3, MinObjects=0, CPUs=1, Nodes=1
[    0.000000] Kernel/User page tables isolation: enabled
[    0.000000] Hierarchical RCU implementation.
[    0.000000] 	Build-time adjustment of leaf fanout to 64.
[    0.000000] 	RCU restricting CPUs from NR_CPUS=512 to nr_cpu_ids=1.
[    0.000000] RCU: Adjusting geometry for rcu_fanout_leaf=64, nr_cpu_ids=1
[    0.000000] NR_IRQS:33024 nr_irqs:256 16
[    0.000000] Console: colour VGA+ 80x25
[    0.000000] console [tty1] enabled
[    0.000000] console [ttyS0] enabled
[    0.000000] tsc: Detected 3312.000 MHz processor
[    0.104037] Calibrating delay loop (skipped) preset value.. 6624.00 BogoMIPS (lpj=13248000)
[    0.105400] pid_max: default: 32768 minimum: 301
[    0.106093] ACPI: Core revision 20150930
[    0.107293] ACPI: 2 ACPI AML tables successfully acquired and loaded
[    0.108314] Security Framework initialized
[    0.108944] Yama: becoming mindful.
[    0.109512] AppArmor: AppArmor initialized
[    0.110207] Dentry cache hash table entries: 131072 (order: 8, 1048576 bytes)
[    0.111975] Inode-cache hash table entries: 65536 (order: 7, 524288 bytes)
[    0.113006] Mount-cache hash table entries: 2048 (order: 2, 16384 bytes)
[    0.113963] Mountpoint-cache hash table entries: 2048 (order: 2, 16384 bytes)
[    0.115059] Initializing cgroup subsys io
[    0.115705] Initializing cgroup subsys memory
[    0.116469] Initializing cgroup subsys devices
[    0.117146] Initializing cgroup subsys freezer
[    0.117821] Initializing cgroup subsys net_cls
[    0.118494] Initializing cgroup subsys perf_event
[    0.119197] Initializing cgroup subsys net_prio
[    0.119881] Initializing cgroup subsys hugetlb
[    0.120573] Initializing cgroup subsys pids
[    0.128152] mce: CPU supports 0 MCE banks
[    0.128798] process: using mwait in idle threads
[    0.129493] Last level iTLB entries: 4KB 64, 2MB 8, 4MB 8
[    0.130273] Last level dTLB entries: 4KB 64, 2MB 0, 4MB 0, 1GB 4
[    0.131147] Spectre V1 : Mitigation: usercopy/swapgs barriers and __user pointer sanitization
[    0.132738] Spectre V2 : Mitigation: Full generic retpoline
[    0.133545] Spectre V2 : Spectre v2 / SpectreRSB mitigation: Filling RSB on context switch
[    0.135007] Speculative Store Bypass: Vulnerable
[    0.135863] MDS: Mitigation: Clear CPU buffers
[    0.153602] Freeing SMP alternatives memory: 36K
[    0.158948] ftrace: allocating 32380 entries in 127 pages
[    0.204921] smpboot: APIC(0) Converting physical 0 to logical package 0
[    0.205941] smpboot: Max logical packages: 1
[    0.206747] x2apic enabled
[    0.207535] Switched APIC routing to physical x2apic.
[    0.209137] ..TIMER: vector=0x30 apic1=0 pin1=2 apic2=-1 pin2=-1
[    0.318075] smpboot: CPU0: Intel(R) Core(TM) i5-10600 CPU @ 3.30GHz (family: 0x6, model: 0xa5, stepping: 0x3)
[    0.320161] Performance Events: unsupported p6 CPU model 165 no PMU driver, software events only.
[    0.328912] KVM setup paravirtual spinlock
[    0.330038] x86: Booted up 1 node, 1 CPUs
[    0.330710] smpboot: Total of 1 processors activated (6624.00 BogoMIPS)
[    0.332264] devtmpfs: initialized
[    0.334218] evm: security.selinux
[    0.334810] evm: security.SMACK64
[    0.335443] evm: security.SMACK64EXEC
[    0.336258] evm: security.SMACK64TRANSMUTE
[    0.336929] evm: security.SMACK64MMAP
[    0.337539] evm: security.ima
[    0.338051] evm: security.capability
[    0.338754] clocksource: jiffies: mask: 0xffffffff max_cycles: 0xffffffff, max_idle_ns: 7645041785100000 ns
[    0.340213] futex hash table entries: 256 (order: 2, 16384 bytes)
[    0.341155] pinctrl core: initialized pinctrl subsystem
[    0.342016] RTC time: 18:22:38, date: 09/29/24
[    0.342880] NET: Registered protocol family 16
[    0.343674] cpuidle: using governor ladder
[    0.344327] cpuidle: using governor menu
[    0.344955] PCCT header not found.
[    0.345580] ACPI: bus type PCI registered
[    0.346240] acpiphp: ACPI Hot Plug PCI Controller Driver version: 0.5
[    0.347300] PCI: Using configuration type 1 for base access
[    0.348906] ACPI: Added _OSI(Module Device)
[    0.349700] ACPI: Added _OSI(Processor Device)
[    0.350504] ACPI: Added _OSI(3.0 _SCP Extensions)
[    0.351224] ACPI: Added _OSI(Processor Aggregator Device)
[    0.352562] ACPI: Executed 1 blocks of module-level executable AML code
[    0.355112] ACPI: Interpreter enabled
[    0.355719] ACPI: (supports S0 S5)
[    0.356281] ACPI: Using IOAPIC for interrupt routing
[    0.357123] PCI: Using host bridge windows from ACPI; if necessary, use "pci=nocrs" and report a bug
[    0.361072] ACPI: PCI Root Bridge [PCI0] (domain 0000 [bus 00-ff])
[    0.361976] acpi PNP0A03:00: _OSC: OS supports [ASPM ClockPM Segments MSI]
[    0.363266] acpi PNP0A03:00: _OSC: not requesting OS control; OS requires [ExtendedConfig ASPM ClockPM MSI]
[    0.365054] acpi PNP0A03:00: fail to add MMCONFIG information, can't access extended PCI configuration space under this bridge.
[    0.367021] PCI host bridge to bus 0000:00
[    0.367666] pci_bus 0000:00: root bus resource [io  0x0000-0x0cf7 window]
[    0.368630] pci_bus 0000:00: root bus resource [io  0x0d00-0xffff window]
[    0.369592] pci_bus 0000:00: root bus resource [mem 0x000a0000-0x000bffff window]
[    0.370763] pci_bus 0000:00: root bus resource [mem 0x40000000-0xfdffffff window]
[    0.371961] pci_bus 0000:00: root bus resource [bus 00-ff]
[    0.374551] pci 0000:00:01.1: legacy IDE quirk: reg 0x10: [io  0x01f0-0x01f7]
[    0.375653] pci 0000:00:01.1: legacy IDE quirk: reg 0x14: [io  0x03f6]
[    0.376588] pci 0000:00:01.1: legacy IDE quirk: reg 0x18: [io  0x0170-0x0177]
[    0.377593] pci 0000:00:01.1: legacy IDE quirk: reg 0x1c: [io  0x0376]
[    0.387155] pci 0000:00:07.0: quirk: [io  0x4000-0x403f] claimed by PIIX4 ACPI
[    0.394014] pci 0000:00:07.0: quirk: [io  0x4100-0x410f] claimed by PIIX4 SMB
[    0.400445] ACPI: PCI Interrupt Link [LNKA] (IRQs 5 9 10 *11)
[    0.401651] ACPI: PCI Interrupt Link [LNKB] (IRQs 5 9 *10 11)
[    0.402748] ACPI: PCI Interrupt Link [LNKC] (IRQs 5 *9 10 11)
[    0.403954] ACPI: PCI Interrupt Link [LNKD] (IRQs 5 9 10 *11)
[    0.405078] ACPI: Enabled 2 GPEs in block 00 to 07
[    0.405988] vgaarb: setting as boot device: PCI:0000:00:02.0
[    0.406780] vgaarb: device added: PCI:0000:00:02.0,decodes=io+mem,owns=io+mem,locks=none
[    0.408338] vgaarb: loaded
[    0.408828] vgaarb: bridge control possible 0000:00:02.0
[    0.409818] SCSI subsystem initialized
[    0.410452] ACPI: bus type USB registered
[    0.411095] usbcore: registered new interface driver usbfs
[    0.411888] usbcore: registered new interface driver hub
[    0.412658] usbcore: registered new device driver usb
[    0.413475] PCI: Using ACPI for IRQ routing
[    0.414492] NetLabel: Initializing
[    0.415087] NetLabel:  domain hash size = 128
[    0.415745] NetLabel:  protocols = UNLABELED CIPSOv4
[    0.416502] NetLabel:  unlabeled traffic allowed by default
[    0.417503] amd_nb: Cannot enumerate AMD northbridges
[    0.418270] clocksource: Switched to clocksource kvm-clock
[    0.423850] AppArmor: AppArmor Filesystem Enabled
[    0.424639] pnp: PnP ACPI init
[    0.425865] pnp: PnP ACPI: found 3 devices
[    0.432385] clocksource: acpi_pm: mask: 0xffffff max_cycles: 0xffffff, max_idle_ns: 2085701024 ns
[    0.433732] NET: Registered protocol family 2
[    0.434510] TCP established hash table entries: 8192 (order: 4, 65536 bytes)
[    0.435895] TCP bind hash table entries: 8192 (order: 5, 131072 bytes)
[    0.436845] TCP: Hash tables configured (established 8192 bind 8192)
[    0.437771] UDP hash table entries: 512 (order: 2, 16384 bytes)
[    0.438671] UDP-Lite hash table entries: 512 (order: 2, 16384 bytes)
[    0.439619] NET: Registered protocol family 1
[    0.440316] pci 0000:00:00.0: Limiting direct PCI/PCI transfers
[    0.441205] pci 0000:00:01.0: Activating ISA DMA hang workarounds
[    0.442193] Unpacking initramfs...
[    0.606029] Freeing initrd memory: 14888K
[    0.607091] clocksource: tsc: mask: 0xffffffffffffffff max_cycles: 0x2fbd93f9e57, max_idle_ns: 440795263784 ns
[    0.608821] platform rtc_cmos: registered platform RTC device (no PNP device found)
[    0.610039] Scanning for low memory corruption every 60 seconds
[    0.611101] audit: initializing netlink subsys (disabled)
[    0.611930] audit: type=2000 audit(1727634171.241:1): initialized
[    0.612993] Initialise system trusted keyring
[    0.613752] HugeTLB registered 2 MB page size, pre-allocated 0 pages
[    0.615452] zbud: loaded
[    0.616121] VFS: Disk quotas dquot_6.6.0
[    0.616778] VFS: Dquot-cache hash table entries: 512 (order 0, 4096 bytes)
[    0.617902] squashfs: version 4.0 (2009/01/31) Phillip Lougher
[    0.618915] fuse init (API version 7.23)
[    0.619627] Key type big_key registered
[    0.620269] Allocating IMA MOK and blacklist keyrings.
[    0.621190] Key type asymmetric registered
[    0.621845] Asymmetric key parser 'x509' registered
[    0.622635] Block layer SCSI generic (bsg) driver version 0.4 loaded (major 249)
[    0.623813] io scheduler noop registered
[    0.624441] io scheduler deadline registered (default)
[    0.625237] io scheduler cfq registered
[    0.625923] pci_hotplug: PCI Hot Plug PCI Core version: 0.5
[    0.626801] pciehp: PCI Express Hot Plug Controller Driver version: 0.4
[    0.627937] ACPI: AC Adapter [AC] (on-line)
[    0.628774] input: Power Button as /devices/LNXSYSTM:00/LNXPWRBN:00/input/input0
[    0.629928] ACPI: Power Button [PWRF]
[    0.630594] input: Sleep Button as /devices/LNXSYSTM:00/LNXSLPBN:00/input/input1
[    0.631762] ACPI: Sleep Button [SLPF]
[    0.632479] GHES: HEST is not enabled!
[    0.633164] Serial: 8250/16550 driver, 32 ports, IRQ sharing enabled
[    0.654497] 00:02: ttyS0 at I/O 0x3f8 (irq = 4, base_baud = 115200) is a 16550A
[    0.656384] Linux agpgart interface v0.103
[    0.657596] loop: module loaded
[    0.658515] scsi host0: ata_piix
[    0.659089] scsi host1: ata_piix
[    0.659645] ata1: PATA max UDMA/33 cmd 0x1f0 ctl 0x3f6 bmdma 0xd000 irq 14
[    0.660605] ata2: PATA max UDMA/33 cmd 0x170 ctl 0x376 bmdma 0xd008 irq 15
[    0.661798] libphy: Fixed MDIO Bus: probed
[    0.662503] tun: Universal TUN/TAP device driver, 1.6
[    0.663291] tun: (C) 1999-2004 Max Krasnyansky <maxk@qualcomm.com>
[    0.664587] PPP generic driver version 2.4.2
[    0.665461] ehci_hcd: USB 2.0 'Enhanced' Host Controller (EHCI) Driver
[    0.666434] ehci-pci: EHCI PCI platform driver
[    0.667154] ehci-platform: EHCI generic platform driver
[    0.667947] ohci_hcd: USB 1.1 'Open' Host Controller (OHCI) Driver
[    0.668857] ohci-pci: OHCI PCI platform driver
[    0.669554] ohci-platform: OHCI generic platform driver
[    0.670341] uhci_hcd: USB Universal Host Controller Interface driver
[    0.671310] i8042: PNP: PS/2 Controller [PNP0303:PS2K,PNP0f03:PS2M] at 0x60,0x64 irq 1,12
[    0.672908] serio: i8042 KBD port at 0x60,0x64 irq 1
[    0.673671] serio: i8042 AUX port at 0x60,0x64 irq 12
[    0.674556] mousedev: PS/2 mouse device common for all mice
[    0.675551] input: AT Translated Set 2 keyboard as /devices/platform/i8042/serio0/input/input2
[    0.677149] rtc_cmos rtc_cmos: rtc core: registered rtc_cmos as rtc0
[    0.678134] rtc_cmos rtc_cmos: alarms up to one day, 114 bytes nvram
[    0.679088] i2c /dev entries driver
[    0.679701] device-mapper: uevent: version 1.0.3
[    0.680450] device-mapper: ioctl: 4.34.0-ioctl (2015-10-28) initialised: dm-devel@redhat.com
[    0.681748] ledtrig-cpu: registered to indicate activity on CPUs
[    0.682832] NET: Registered protocol family 10
[    0.683627] NET: Registered protocol family 17
[    0.684372] Key type dns_resolver registered
[    0.685175] registered taskstats version 1
[    0.685838] Loading compiled-in X.509 certificates
[    0.687348] Loaded X.509 cert 'Build time autogenerated kernel key: cf00e047681d67edb2720680708b7d9498083038'
[    0.688931] zswap: loaded using pool lzo/zbud
[    0.690723] Key type trusted registered
[    0.692901] Key type encrypted registered
[    0.693574] AppArmor: AppArmor sha1 policy hashing enabled
[    0.694408] ima: No TPM chip found, activating TPM-bypass!
[    0.695419] ima: Allocated hash algorithm: sha1
[    0.696146] evm: HMAC attrs: 0x1
[    0.697088]   Magic number: 8:930:393
[    0.697793] rtc_cmos rtc_cmos: setting system clock to 2024-09-29 18:22:38 UTC (1727634158)
[    0.699281] BIOS EDD facility v0.16 2004-Jun-25, 0 devices found
[    0.700170] EDD information not available.
[    0.838115] Freeing unused kernel memory: 1492K
[    0.839123] Write protecting the kernel read-only data: 14336k
[    0.840177] Freeing unused kernel memory: 1584K
[    0.840928] Freeing unused kernel memory: 52K
Loading, please wait...
starting version 229
[    0.849263] random: udevadm: uninitialized urandom read (16 bytes read, 3 bits of entropy available)
[    0.851130] random: systemd-udevd: uninitialized urandom read (16 bytes read, 3 bits of entropy available)
[    0.852978] random: systemd-udevd: uninitialized urandom read (16 bytes read, 3 bits of entropy available)
[    0.855235] random: udevadm: uninitialized urandom read (16 bytes read, 3 bits of entropy available)
[    0.858352] random: systemd-udevd: uninitialized urandom read (16 bytes read, 3 bits of entropy available)
[    0.860103] random: systemd-udevd: uninitialized urandom read (16 bytes read, 3 bits of entropy available)
[    0.864602] random: systemd-udevd: uninitialized urandom read (16 bytes read, 3 bits of entropy available)
[    0.866023] random: systemd-udevd: uninitialized urandom read (16 bytes read, 3 bits of entropy available)
[    0.868864] random: udevadm: uninitialized urandom read (16 bytes read, 3 bits of entropy available)
[    0.870292] random: udevadm: uninitialized urandom read (16 bytes read, 3 bits of entropy available)
[    0.912928] e1000: Intel(R) PRO/1000 Network Driver - version 7.3.21-k8-NAPI
[    0.914321] e1000: Copyright (c) 1999-2006 Intel Corporation.
[    0.918931] Fusion MPT base driver 3.04.20
[    0.919571] Copyright (c) 1999-2008 LSI Corporation
[    0.926288] Fusion MPT SPI Host driver 3.04.20
[    0.943125] AVX2 version of gcm_enc/dec engaged.
[    0.943988] AES CTR mode by8 optimization enabled
[    1.128915] input: ImExPS/2 Generic Explorer Mouse as /devices/platform/i8042/serio1/input/input4
[    1.275140] e1000 0000:00:03.0 eth0: (PCI:33MHz:32-bit) 02:be:82:6b:cc:1d
[    1.276336] e1000 0000:00:03.0 eth0: Intel(R) PRO/1000 Network Connection
[    1.277705] mptbase: ioc0: Initiating bringup
[    1.338447] ioc0: LSI53C1030 A0: Capabilities={Initiator}
[    1.501336] scsi host2: ioc0: LSI53C1030 A0, FwRev=00000000h, Ports=1, MaxQ=256, IRQ=20
[    1.615722] scsi 2:0:0:0: Direct-Access     VBOX     HARDDISK         1.0  PQ: 0 ANSI: 5
[    1.617926] scsi target2:0:0: Beginning Domain Validation
[    1.619190] scsi target2:0:0: Domain Validation skipping write tests
[    1.620053] scsi target2:0:0: Ending Domain Validation
[    1.620805] scsi target2:0:0: asynchronous
[    1.621592] scsi 2:0:1:0: Direct-Access     VBOX     HARDDISK         1.0  PQ: 0 ANSI: 5
[    1.622851] scsi target2:0:1: Beginning Domain Validation
[    1.624100] scsi target2:0:1: Domain Validation skipping write tests
[    1.624990] scsi target2:0:1: Ending Domain Validation
[    1.625757] scsi target2:0:1: asynchronous
[    1.628141] sd 2:0:0:0: Attached scsi generic sg0 type 0
[    1.628916] sd 2:0:0:0: [sda] 83886080 512-byte logical blocks: (42.9 GB/40.0 GiB)
[    1.636167] sd 2:0:1:0: [sdb] 20480 512-byte logical blocks: (10.5 MB/10.0 MiB)
[    1.637296] sd 2:0:1:0: Attached scsi generic sg1 type 0
[    1.638234] sd 2:0:1:0: [sdb] Write Protect is off
[    1.639008] sd 2:0:1:0: [sdb] Incomplete mode parameter data
[    1.639811] sd 2:0:1:0: [sdb] Assuming drive cache: write through
[    1.640720] sd 2:0:0:0: [sda] Write Protect is off
[    1.641640] sd 2:0:0:0: [sda] Incomplete mode parameter data
[    1.642467] sd 2:0:0:0: [sda] Assuming drive cache: write through
[    1.650602]  sda: sda1
[    1.659811] sd 2:0:0:0: [sda] Attached SCSI disk
[    1.660681] sd 2:0:1:0: [sdb] Attached SCSI disk
[    1.974140] e1000 0000:00:08.0 eth1: (PCI:33MHz:32-bit) 08:00:27:d7:e4:cf
[    1.975490] e1000 0000:00:08.0 eth1: Intel(R) PRO/1000 Network Connection
[    1.977157] e1000 0000:00:08.0 enp0s8: renamed from eth1
[    1.979041] e1000 0000:00:03.0 enp0s3: renamed from eth0
Begin: Loading essential drivers ... [    3.163697] md: linear personality registered for level -1
[    3.166768] md: multipath personality registered for level -4
[    3.169267] md: raid0 personality registered for level 0
[    3.172262] md: raid1 personality registered for level 1
[    3.250720] raid6: sse2x1   gen() 14171 MB/s
[    3.325144] raid6: sse2x1   xor()  9810 MB/s
[    3.401439] raid6: sse2x2   gen() 20715 MB/s
[    3.472247] raid6: sse2x2   xor() 13099 MB/s
[    3.538382] raid6: sse2x4   gen() 21187 MB/s
[    3.610315] raid6: sse2x4   xor() 12615 MB/s
[    3.681587] raid6: avx2x1   gen() 29432 MB/s
[    3.754607] raid6: avx2x2   gen() 38383 MB/s
[    3.834964] raid6: avx2x4   gen() 43305 MB/s
[    3.836292] raid6: using algorithm avx2x4 gen() 43305 MB/s
[    3.837158] raid6: using avx2x2 recovery algorithm
[    3.839332] xor: automatically using best checksumming function:
[    3.878349]    avx       : 50731.000 MB/sec
[    3.880746] async_tx: api initialized (async)
[    3.890187] md: raid6 personality registered for level 6
[    3.890999] md: raid5 personality registered for level 5
[    3.891771] md: raid4 personality registered for level 4
[    3.896453] md: raid10 personality registered for level 10
done.
Begin: Running /scripts/init-premount ... done.
Begin: Mounting root file system ... Begin: Running /scripts/local-top ... done.
Begin: Running /scripts/local-premount ... [    3.921322] Btrfs loaded
Scanning for Btrfs filesystems
done.
Warning: fsck not present, so skipping root file system
[    4.080672] EXT4-fs (sda1): INFO: recovery required on readonly filesystem
[    4.081657] EXT4-fs (sda1): write access will be enabled during recovery
[    6.077744] random: nonblocking pool is initialized
[    8.920919] EXT4-fs (sda1): recovery complete
[    8.921653] EXT4-fs (sda1): mounted filesystem with ordered data mode. Opts: (null)
done.
Begin: Running /scripts/local-bottom ... done.
Begin: Running /scripts/init-bottom ... done.
[   11.058022] systemd[1]: systemd 229 running in system mode. (+PAM +AUDIT +SELINUX +IMA +APPARMOR +SMACK +SYSVINIT +UTMP +LIBCRYPTSETUP +GCRYPT +GNUTLS +ACL +XZ -LZ4 +SECCOMP +BLKID +ELFUTILS +KMOD -IDN)
[   11.060682] systemd[1]: Detected virtualization oracle.
[   11.061471] systemd[1]: Detected architecture x86-64.

Welcome to [1mUbuntu 16.04.7 LTS[0m!

[   11.177852] systemd[1]: Set hostname to <asabbarS>.
[   13.415897] systemd[1]: Listening on LVM2 metadata daemon socket.
[[0;32m  OK  [0m] Listening on LVM2 metadata daemon socket.
[   13.418009] systemd[1]: Created slice User and Session Slice.
[[0;32m  OK  [0m] Created slice User and Session Slice.
[   13.420010] systemd[1]: Listening on udev Kernel Socket.
[[0;32m  OK  [0m] Listening on udev Kernel Socket.
[   13.421574] systemd[1]: Listening on LVM2 poll daemon socket.
[[0;32m  OK  [0m] Listening on LVM2 poll daemon socket.
[   13.423234] systemd[1]: Reached target System Time Synchronized.
[[0;32m  OK  [0m] Reached target System Time Synchronized.
[   13.425011] systemd[1]: Set up automount Arbitrary Executable File Formats File System Automount Point.
[[0;32m  OK  [0m] Set up automount Arbitrary Executab...ats File System Automount Point.
[   13.427492] systemd[1]: Started Forward Password Requests to Wall Directory Watch.
[[0;32m  OK  [0m] Started Forward Password Requests to Wall Directory Watch.
[   13.429622] systemd[1]: Reached target Swap.
[[0;32m  OK  [0m] Reached target Swap.
[   13.431096] systemd[1]: Created slice System Slice.
[[0;32m  OK  [0m] Created slice System Slice.
[   13.432547] systemd[1]: Reached target Slices.
[[0;32m  OK  [0m] Reached target Slices.
[   13.434024] systemd[1]: Created slice system-serial\x2dgetty.slice.
[[0;32m  OK  [0m] Created slice system-serial\x2dgetty.slice.
[   13.435821] systemd[1]: Listening on Device-mapper event daemon FIFOs.
[[0;32m  OK  [0m] Listening on Device-mapper event daemon FIFOs.
[   13.437636] systemd[1]: Listening on Journal Audit Socket.
[[0;32m  OK  [0m] Listening on Journal Audit Socket.
[   13.439232] systemd[1]: Reached target User and Group Name Lookups.
[[0;32m  OK  [0m] Reached target User and Group Name Lookups.
[   13.440954] systemd[1]: Reached target Encrypted Volumes.
[[0;32m  OK  [0m] Reached target Encrypted Volumes.
[   13.442521] systemd[1]: Listening on udev Control Socket.
[[0;32m  OK  [0m] Listening on udev Control Socket.
[   13.444046] systemd[1]: Listening on /dev/initctl Compatibility Named Pipe.
[[0;32m  OK  [0m] Listening on /dev/initctl Compatibility Named Pipe.
[   13.445988] systemd[1]: Listening on Journal Socket.
[[0;32m  OK  [0m] Listening on Journal Socket.
[   13.447762] systemd[1]: Mounting Huge Pages File System...
         Mounting Huge Pages File System...
[   13.461128] systemd[1]: Starting Nameserver information manager...
         Starting Nameserver information manager...
[   13.463117] systemd[1]: Mounting POSIX Message Queue File System...
         Mounting POSIX Message Queue File System...
[   13.466664] systemd[1]: Starting Set console keymap...
         Starting Set console keymap...
[   13.468416] systemd[1]: Starting Create list of required static device nodes for the current kernel...
         Starting Create list of required st... nodes for the current kernel...
[   13.472242] systemd[1]: Mounting Debug File System...
         Mounting Debug File System...
[   13.476958] systemd[1]: Starting Uncomplicated firewall...
         Starting Uncomplicated firewall...
[   13.479081] systemd[1]: Listening on Journal Socket (/dev/log).
[[0;32m  OK  [0m] Listening on Journal Socket (/dev/log).
[   13.481408] systemd[1]: Listening on fsck to fsckd communication Socket.
[[0;32m  OK  [0m] Listening on fsck to fsckd communication Socket.
[   13.483599] systemd[1]: Starting Monitoring of LVM2 mirrors, snapshots etc. using dmeventd or progress polling...
         Starting Monitoring of LVM2 mirrors... dmeventd or progress polling...
[   13.486594] systemd[1]: Starting File System Check on Root Device...
         Starting File System Check on Root Device...
[   13.488520] systemd[1]: Listening on Syslog Socket.
[[0;32m  OK  [0m] Listening on Syslog Socket.
[   13.490650] systemd[1]: Starting Journal Service...
         Starting Journal Service...
[   13.492901] systemd[1]: Started Trigger resolvconf update for networkd DNS.
[[0;32m  OK  [0m] Started Trigger resolvconf update for networkd DNS.
[   13.689650] systemd[1]: Starting Load Kernel Modules...
         Starting Load Kernel Modules...
[   13.692376] systemd[1]: Started Uncomplicated firewall.
[[0;32m  OK  [0m] Started Uncomplicated firewall.
[   13.694938] systemd[1]: Started Create list of required static device nodes for the current kernel.
[[0;32m  OK  [0m] Started Create list of required sta...ce nodes for the current kernel.
[   13.699363] systemd[1]: Starting Create Static Device Nodes in /dev...
         Starting Create Static Device Nodes in /dev...
[   13.912474] systemd[1]: Started File System Check Daemon to report status.
[[0;32m  OK  [0m] Started File System Check Daemon to report status.
[   14.159184] systemd[1]: Mounted POSIX Message Queue File System.
[[0;32m  OK  [0m] Mounted POSIX Message Queue File System.
[   14.161722] systemd[1]: Mounted Huge Pages File System.
[[0;32m  OK  [0m] Mounted Huge Pages File System.
[   14.166360] systemd[1]: Mounted Debug File System.
[[0;32m  OK  [0m] Mounted Debug File System.
[   14.424420] Loading iSCSI transport class v2.0-870.
[   14.440925] systemd[1]: Started Nameserver information manager.
[[0;32m  OK  [0m] Started Nameserver information manager.
[   14.515250] systemd[1]: Started Journal Service.
[[0;32m  OK  [0m] Started Journal Service.
[   14.632618] iscsi: registered transport (tcp)
[[0;32m  OK  [0m] Started Set console keymap.
[[0;32m  OK  [0m] Started File System Check on Root Device.
         Starting Remount Root and Kernel File Systems...
[[0;32m  OK  [0m] Started LVM2 metadata daemon.
[   15.138063] EXT4-fs (sda1): re-mounted. Opts: (null)
[[0;32m  OK  [0m] Started Remount Root and Kernel File Systems.
         Starting Flush Journal to Persistent Storage...
         Starting Load/Save Random Seed...
         Starting udev Coldplug all Devices...
[   15.314659] iscsi: registered transport (iser)
[[0;32m  OK  [0m] Started Load Kernel Modules.
         Mounting FUSE Control File System...
         Starting Apply Kernel Variables...
[[0;32m  OK  [0m] Mounted FUSE Control File System.
[[0;32m  OK  [0m] Started Load/Save Random Seed.
[   15.404666] systemd-journald[392]: Received request to flush runtime journal from PID 1
[[0;32m  OK  [0m] Started Flush Journal to Persistent Storage.
[[0;32m  OK  [0m] Started udev Coldplug all Devices.
[[0;32m  OK  [0m] Started Apply Kernel Variables.
[[0;32m  OK  [0m] Started Create Static Device Nodes in /dev.
         Starting udev Kernel Device Manager...
[[0;32m  OK  [0m] Started Monitoring of LVM2 mirrors,...ng dmeventd or progress polling.
[[0;32m  OK  [0m] Reached target Local File Systems (Pre).
[[0;32m  OK  [0m] Reached target Local File Systems.
         Starting Set console font and keymap...
         Starting Tell Plymouth To Write Out Runtime Data...
         Starting Create Volatile Files and Directories...
         Starting Initial cloud-init job (pre-networking)...
         Starting LSB: AppArmor initialization...
[[0;32m  OK  [0m] Started Tell Plymouth To Write Out Runtime Data.
[[0;32m  OK  [0m] Started Create Volatile Files and Directories.
         Starting Update UTMP about System Boot/Shutdown...
[[0;32m  OK  [0m] Started Update UTMP about System Boot/Shutdown.
[[0;32m  OK  [0m] Started Set console font and keymap.
[[0;32m  OK  [0m] Created slice system-getty.slice.
[[0;32m  OK  [0m] Started udev Kernel Device Manager.
[[0;32m  OK  [0m] Started Dispatch Password Requests to Console Directory Watch.
[[0;32m  OK  [0m] Found device /dev/ttyS0.
[[0;32m  OK  [0m] Listening on Load/Save RF Kill Switch Status /dev/rfkill Watch.
[[0;32m  OK  [0m] Found device 82540EM Gigabit Ethern...r (PRO/1000 MT Desktop Adapter).
[[0;32m  OK  [0m] Found device 82540EM Gigabit Ethern...r (PRO/1000 MT Desktop Adapter).
[[0;32m  OK  [0m] Started LSB: AppArmor initialization.
         Starting Load AppArmor profiles managed internally by snapd...
[[0;32m  OK  [0m] Started Load AppArmor profiles managed internally by snapd.
[   30.717268] cloud-init[492]: Cloud-init v. 21.1-19-gbad84ad4-0ubuntu1~16.04.2 running 'init-local' at Sun, 29 Sep 2024 18:23:06 +0000. Up 28.98 seconds.
[[0;32m  OK  [0m] Started Initial cloud-init job (pre-networking).
[[0;32m  OK  [0m] Reached target Network (Pre).
         Starting Raise network interfaces...
[[0;32m  OK  [0m] Started ifup for enp0s8.
[[0;32m  OK  [0m] Started ifup for enp0s3.
[[0;32m  OK  [0m] Started Raise network interfaces.
[[0;32m  OK  [0m] Reached target Network.
         Starting Initial cloud-init job (metadata service crawler)...
[   33.306538] cloud-init[1093]: Cloud-init v. 21.1-19-gbad84ad4-0ubuntu1~16.04.2 running 'init' at Sun, 29 Sep 2024 18:23:09 +0000. Up 31.67 seconds.
[   33.308078] cloud-init[1093]: ci-info: ++++++++++++++++++++++++++++++++++++++Net device info+++++++++++++++++++++++++++++++++++++++
[   33.309450] cloud-init[1093]: ci-info: +--------+------+-----------------------------+---------------+--------+-------------------+
[   33.312831] cloud-init[1093]: ci-info: | Device |  Up  |           Address           |      Mask     | Scope  |     Hw-Address    |
[   33.314057] cloud-init[1093]: ci-info: +--------+------+-----------------------------+---------------+--------+-------------------+
[   33.316306] cloud-init[1093]: ci-info: | enp0s3 | True |          10.0.2.15          | 255.255.255.0 | global | 02:be:82:6b:cc:1d |
[   33.317529] cloud-init[1093]: ci-info: | enp0s3 | True |  fe80::be:82ff:fe6b:cc1d/64 |       .       |  link  | 02:be:82:6b:cc:1d |
[   33.320610] cloud-init[1093]: ci-info: | enp0s8 | True |        192.168.56.110       | 255.255.255.0 | global | 08:00:27:d7:e4:cf |
[   33.324410] cloud-init[1093]: ci-info: | enp0s8 | True | fe80::a00:27ff:fed7:e4cf/64 |       .       |  link  | 08:00:27:d7:e4:cf |
[   33.325716] cloud-init[1093]: ci-info: |   lo   | True |          127.0.0.1          |   255.0.0.0   |  host  |         .         |
[   33.327426] cloud-init[1093]: ci-info: |   lo   | True |           ::1/128           |       .       |  host  |         .         |
[   33.332408] cloud-init[1093]: ci-info: +--------+------+-----------------------------+---------------+--------+-------------------+
[   33.333797] cloud-init[1093]: ci-info: ++++++++++++++++++++++++++++Route IPv4 info++++++++++++++++++++++++++++
[   33.335197] cloud-init[1093]: ci-info: +-------+--------------+----------+---------------+-----------+-------+
[   33.348613] cloud-init[1093]: ci-info: | Route | Destination  | Gateway  |    Genmask    | Interface | Flags |
[   33.349903] cloud-init[1093]: ci-info: +-------+--------------+----------+---------------+-----------+-------+
[   33.351467] cloud-init[1093]: ci-info: |   0   |   0.0.0.0    | 10.0.2.2 |    0.0.0.0    |   enp0s3  |   UG  |
[   33.356954] cloud-init[1093]: ci-info: |   1   |   10.0.2.0   | 0.0.0.0  | 255.255.255.0 |   enp0s3  |   U   |
[   33.358265] cloud-init[1093]: ci-info: |   2   | 192.168.56.0 | 0.0.0.0  | 255.255.255.0 |   enp0s8  |   U   |
[   33.360236] cloud-init[1093]: ci-info: +-------+--------------+----------+---------------+-----------+-------+
[   33.364222] cloud-init[1093]: ci-info: +++++++++++++++++++Route IPv6 info+++++++++++++++++++
[   33.365324] cloud-init[1093]: ci-info: +-------+-------------+---------+-----------+-------+
[   33.368384] cloud-init[1093]: ci-info: | Route | Destination | Gateway | Interface | Flags |
[   33.372263] cloud-init[1093]: ci-info: +-------+-------------+---------+-----------+-------+
[   33.373473] cloud-init[1093]: ci-info: |   0   |  fe80::/64  |    ::   |   enp0s8  |   U   |
[   33.374616] cloud-init[1093]: ci-info: |   1   |  fe80::/64  |    ::   |   enp0s3  |   U   |
[   33.379429] cloud-init[1093]: ci-info: |   4   |   ff00::/8  |    ::   |   enp0s8  |   U   |
[   33.380578] cloud-init[1093]: ci-info: |   5   |   ff00::/8  |    ::   |   enp0s3  |   U   |
[   33.381828] cloud-init[1093]: ci-info: +-------+-------------+---------+-----------+-------+
[[0;32m  OK  [0m] Started Initial cloud-init job (metadata service crawler).
[[0;32m  OK  [0m] Reached target Cloud-config availability.
[[0;32m  OK  [0m] Reached target Network is Online.
         Starting iSCSI initiator daemon (iscsid)...
[[0;32m  OK  [0m] Reached target System Initialization.
         Starting Socket activation for snappy daemon.
[[0;32m  OK  [0m] Started Daily apt download activities.
[[0;32m  OK  [0m] Listening on ACPID Listen Socket.
[[0;32m  OK  [0m] Started ACPI Events Check.
[[0;32m  OK  [0m] Reached target Paths.
[[0;32m  OK  [0m] Listening on UUID daemon activation socket.
[[0;32m  OK  [0m] Started Message of the Day.
[[0;32m  OK  [0m] Started Daily apt upgrade and clean activities.
[[0;32m  OK  [0m] Listening on D-Bus System Message Bus Socket.
         Starting LXD - unix socket.
[[0;32m  OK  [0m] Started Daily Cleanup of Temporary Directories.
[[0;32m  OK  [0m] Started Ubuntu Advantage update messaging.
[[0;32m  OK  [0m] Reached target Timers.
[[0;32m  OK  [0m] Listening on Socket activation for snappy daemon.
[[0;32m  OK  [0m] Listening on LXD - unix socket.
[[0;32m  OK  [0m] Reached target Sockets.
[[0;32m  OK  [0m] Reached target Basic System.
         Starting /etc/rc.local Compatibility...
[[0;32m  OK  [0m] Started FUSE filesystem for LXC.
         Starting System Logging Service...
[[0;32m  OK  [0m] Started Regular background program processing daemon.
         Starting Login Service...
         Starting Accounts Service...
         Starting LSB: Record successful boot for GRUB...
         Starting Virtualbox guest utils...
[[0;32m  OK  [0m] Started ACPI event daemon.
         Starting OpenBSD Secure Shell server...
         Starting Lightweight Kubernetes...
[[0;32m  OK  [0m] Started Deferred execution scheduler.
         Starting LXD - container startup/shutdown...
         Starting LSB: MD monitoring daemon...
[[0;32m  OK  [0m] Started D-Bus System Message Bus.
         Starting Snap Daemon...
[[0;32m  OK  [0m] Started System Logging Service.
[[0;32m  OK  [0m] Started iSCSI initiator daemon (iscsid).
[[0;32m  OK  [0m] Started /etc/rc.local Compatibility.
         Starting Login to default iSCSI targets...
[[0;32m  OK  [0m] Started Login Service.
[[0;32m  OK  [0m] Started Unattended Upgrades Shutdown.
[[0;32m  OK  [0m] Started OpenBSD Secure Shell server.
[[0;32m  OK  [0m] Started LSB: Record successful boot for GRUB.
[[0;32m  OK  [0m] Started Login to default iSCSI targets.
[[0;32m  OK  [0m] Reached target Remote File Systems (Pre).
         Mounting /vagrant...
[[0;32m  OK  [0m] Started LSB: MD monitoring daemon.
[[0;1;31mFAILED[0m] Failed to mount /vagrant.
See 'systemctl status vagrant.mount' for details.
[[0;1;33mDEPEND[0m] Dependency failed for Remote File Systems.
         Starting LSB: Set the CPU Frequency Scaling governor to "ondemand"...
         Starting Permit User Sessions...
         Starting LSB: automatic crash report generation...
         Starting LSB: daemon to balance interrupts for SMP systems...
[[0;32m  OK  [0m] Started LSB: Set the CPU Frequency Scaling governor to "ondemand".
[[0;32m  OK  [0m] Started Permit User Sessions.
         Starting Hold until boot process finishes up...
         Starting Terminate Plymouth Boot Screen...
[[0;32m  OK  [0m] Started Hold until boot process finishes up.
[[0;32m  OK  [0m] Started Serial Getty on ttyS0.
[[0;32m  OK  [0m] Started Getty on tty1.
[[0;32m  OK  [0m] Reached target Login Prompts.
         Starting Set console scheme...
[[0;32m  OK  [0m] Started Terminate Plymouth Boot Screen.
[[0;32m  OK  [0m] Started Set console scheme.
[[0;32m  OK  [0m] Started LSB: daemon to balance interrupts for SMP systems.
         Starting Authenticate and Authorize Users to Run Privileged Tasks...
[[0;32m  OK  [0m] Started LSB: automatic crash report generation.
[[0;32m  OK  [0m] Started Virtualbox guest utils.
[[0;32m  OK  [0m] Started Authenticate and Authorize Users to Run Privileged Tasks.
[[0;32m  OK  [0m] Started Accounts Service.

Ubuntu 16.04.7 LTS asabbarS ttyS0

asabbarS login: [   51.815685] cloud-init[1393]: Cloud-init v. 21.1-19-gbad84ad4-0ubuntu1~16.04.2 running 'modules:config' at Sun, 29 Sep 2024 18:23:29 +0000. Up 51.46 seconds.
[   80.689922] cloud-init[1445]: Cloud-init v. 21.1-19-gbad84ad4-0ubuntu1~16.04.2 running 'modules:final' at Sun, 29 Sep 2024 18:23:58 +0000. Up 80.48 seconds.
[   80.690145] cloud-init[1445]: Cloud-init v. 21.1-19-gbad84ad4-0ubuntu1~16.04.2 finished at Sun, 29 Sep 2024 18:23:58 +0000. Datasource DataSourceNoCloud [seed=/dev/sdb][dsmode=net].  Up 80.68 seconds
